[157/785] Building CXX object src/executable/mlir/Dialect/EmitPythonBytecode/IR/CMakeFiles/obj.EmitPythonBytecodeDialect.dir/EmitPythonBytecode.cpp.o
In file included from /usr/lib/llvm-20/include/mlir/IR/OperationSupport.h:23,
                 from /usr/lib/llvm-20/include/mlir/IR/Dialect.h:17,
                 from /usr/lib/llvm-20/include/mlir/Bytecode/BytecodeImplementation.h:19,
                 from /usr/lib/llvm-20/include/mlir/Bytecode/BytecodeOpInterface.h:17,
                 from /home/runner/work/python-cpp/python-cpp/src/executable/mlir/Dialect/EmitPythonBytecode/IR/EmitPythonBytecode.hpp:4,
                 from /home/runner/work/python-cpp/python-cpp/src/executable/mlir/Dialect/EmitPythonBytecode/IR/EmitPythonBytecode.cpp:1:
/usr/lib/llvm-20/include/mlir/IR/TypeRange.h: In static member function ‘static bool llvm::DenseMapInfo<mlir::TypeRange>::isEqual(mlir::TypeRange, mlir::TypeRange)’:
/usr/lib/llvm-20/include/mlir/IR/TypeRange.h:208:19: warning: C++20 says that these are ambiguous, even though the second is reversed:
  208 |     return lhs == rhs;
      |                   ^~~
In file included from /usr/lib/llvm-20/include/mlir/IR/Visitors.h:17,
                 from /usr/lib/llvm-20/include/mlir/IR/AffineExpr.h:17,
                 from /usr/lib/llvm-20/include/mlir/IR/AffineMap.h:17,
                 from /usr/lib/llvm-20/include/mlir/IR/BuiltinAttributeInterfaces.h:12,
                 from /usr/lib/llvm-20/include/mlir/IR/BuiltinTypes.h:12,
                 from /home/runner/work/python-cpp/python-cpp/src/executable/mlir/Dialect/Python/IR/PythonTypes.hpp:3,
                 from /home/runner/work/python-cpp/python-cpp/src/executable/mlir/Dialect/EmitPythonBytecode/IR/EmitPythonBytecode.hpp:3:
/usr/lib/llvm-20/include/llvm/ADT/STLExtras.h:1367:6: note: candidate 1: ‘bool llvm::detail::operator==(const indexed_accessor_range_base<DerivedT, BaseT, T, PointerT, ReferenceT>&, const OtherT&) [with OtherT = mlir::TypeRange; DerivedT = mlir::TypeRange; BaseT = llvm::PointerUnion<const mlir::Value*, const mlir::Type*, mlir::OpOperand*, mlir::detail::OpResultImpl*>; T = mlir::Type; PointerT = mlir::Type; ReferenceT = mlir::Type]’
 1367 | bool operator==(const indexed_accessor_range_base<DerivedT, BaseT, T, PointerT,
      |      ^~~~~~~~
/usr/lib/llvm-20/include/llvm/ADT/STLExtras.h:1367:6: note: candidate 2: ‘bool llvm::detail::operator==(const indexed_accessor_range_base<DerivedT, BaseT, T, PointerT, ReferenceT>&, const OtherT&) [with OtherT = mlir::TypeRange; DerivedT = mlir::TypeRange; BaseT = llvm::PointerUnion<const mlir::Value*, const mlir::Type*, mlir::OpOperand*, mlir::detail::OpResultImpl*>; T = mlir::Type; PointerT = mlir::Type; ReferenceT = mlir::Type]’ (reversed)
[158/785] Linking CXX static library src/executable/mlir/Dialect/EmitPythonBytecode/IR/libEmitPythonBytecodeDialect.a
[159/785] Building CXX object _deps/cpptrace-build/CMakeFiles/cpptrace-lib.dir/src/utils/error.cpp.o
[160/785] Building CXX object _deps/cpptrace-build/CMakeFiles/cpptrace-lib.dir/src/utils/microfmt.cpp.o
[161/785] Building CXX object _deps/cpptrace-build/CMakeFiles/cpptrace-lib.dir/src/platform/dbghelp_utils.cpp.o
[162/785] Linking C static library _deps/libdwarf-build/src/lib/libdwarf/libdwarf.a
[163/785] Building C object _deps/bdwgc-build/CMakeFiles/gc.dir/alloc.c.o
[164/785] Building C object _deps/bdwgc-build/CMakeFiles/gc.dir/reclaim.c.o
[165/785] Building C object _deps/bdwgc-build/CMakeFiles/gc.dir/allchblk.c.o
[166/785] Building C object _deps/bdwgc-build/CMakeFiles/gc.dir/misc.c.o
[167/785] Building C object _deps/bdwgc-build/CMakeFiles/gc.dir/mach_dep.c.o
[168/785] Building C object _deps/bdwgc-build/CMakeFiles/gc.dir/os_dep.c.o
[169/785] Building C object _deps/bdwgc-build/CMakeFiles/gc.dir/mark_rts.c.o
[170/785] Building C object _deps/bdwgc-build/CMakeFiles/gc.dir/headers.c.o
[171/785] Building C object _deps/bdwgc-build/CMakeFiles/gc.dir/mark.c.o
[172/785] Building C object _deps/bdwgc-build/CMakeFiles/gc.dir/obj_map.c.o
[173/785] Building C object _deps/bdwgc-build/CMakeFiles/gc.dir/blacklst.c.o
[174/785] Building C object _deps/bdwgc-build/CMakeFiles/gc.dir/finalize.c.o
[175/785] Building C object _deps/bdwgc-build/CMakeFiles/gc.dir/new_hblk.c.o
[176/785] Building C object _deps/bdwgc-build/CMakeFiles/gc.dir/dbg_mlc.c.o
[177/785] Building C object _deps/bdwgc-build/CMakeFiles/gc.dir/malloc.c.o
[178/785] Building C object _deps/bdwgc-build/CMakeFiles/gc.dir/dyn_load.c.o
[179/785] Building C object _deps/bdwgc-build/CMakeFiles/gc.dir/typd_mlc.c.o
[180/785] Building C object _deps/bdwgc-build/CMakeFiles/gc.dir/ptr_chck.c.o
[181/785] Building C object _deps/bdwgc-build/CMakeFiles/gc.dir/mallocx.c.o
[182/785] Building C object _deps/bdwgc-build/CMakeFiles/gc.dir/gc_dlopen.c.o
[183/785] Building C object _deps/bdwgc-build/CMakeFiles/gc.dir/pthread_start.c.o
[184/785] Building C object _deps/bdwgc-build/CMakeFiles/gc.dir/pthread_stop_world.c.o
[185/785] Building C object _deps/bdwgc-build/CMakeFiles/gc.dir/pthread_support.c.o
[186/785] Building C object _deps/bdwgc-build/CMakeFiles/gc.dir/specific.c.o
[187/785] Building C object _deps/bdwgc-build/CMakeFiles/gc.dir/thread_local_alloc.c.o
[188/785] Building C object _deps/bdwgc-build/CMakeFiles/gc.dir/gcj_mlc.c.o
[189/785] Building C object _deps/bdwgc-build/CMakeFiles/gc.dir/fnlz_mlc.c.o
[190/785] Building CXX object _deps/cpptrace-build/CMakeFiles/cpptrace-lib.dir/src/utils/utils.cpp.o
[191/785] Building CXX object _deps/cpptrace-build/CMakeFiles/cpptrace-lib.dir/src/utils/string_view.cpp.o
[192/785] Building CXX object src/executable/mlir/Dialect/Python/CMakeFiles/obj.PythonMLIRDialect.dir/IR/Ops.cpp.o
In file included from /usr/lib/llvm-20/include/mlir/IR/OperationSupport.h:23,
                 from /usr/lib/llvm-20/include/mlir/IR/Dialect.h:17,
                 from /home/runner/work/python-cpp/python-cpp/src/executable/mlir/Dialect/Python/IR/Dialect.hpp:3,
                 from /home/runner/work/python-cpp/python-cpp/src/executable/mlir/Dialect/Python/IR/Ops.cpp:1:
/usr/lib/llvm-20/include/mlir/IR/TypeRange.h: In static member function ‘static bool llvm::DenseMapInfo<mlir::TypeRange>::isEqual(mlir::TypeRange, mlir::TypeRange)’:
/usr/lib/llvm-20/include/mlir/IR/TypeRange.h:208:19: warning: C++20 says that these are ambiguous, even though the second is reversed:
  208 |     return lhs == rhs;
      |                   ^~~
In file included from /usr/lib/llvm-20/include/mlir/Support/TypeID.h:20,
                 from /usr/lib/llvm-20/include/mlir/IR/MLIRContext.h:13,
                 from /usr/lib/llvm-20/include/mlir/IR/DialectRegistry.h:16,
                 from /usr/lib/llvm-20/include/mlir/IR/Dialect.h:16:
/usr/lib/llvm-20/include/llvm/ADT/STLExtras.h:1367:6: note: candidate 1: ‘bool llvm::detail::operator==(const indexed_accessor_range_base<DerivedT, BaseT, T, PointerT, ReferenceT>&, const OtherT&) [with OtherT = mlir::TypeRange; DerivedT = mlir::TypeRange; BaseT = llvm::PointerUnion<const mlir::Value*, const mlir::Type*, mlir::OpOperand*, mlir::detail::OpResultImpl*>; T = mlir::Type; PointerT = mlir::Type; ReferenceT = mlir::Type]’
 1367 | bool operator==(const indexed_accessor_range_base<DerivedT, BaseT, T, PointerT,
      |      ^~~~~~~~
/usr/lib/llvm-20/include/llvm/ADT/STLExtras.h:1367:6: note: candidate 2: ‘bool llvm::detail::operator==(const indexed_accessor_range_base<DerivedT, BaseT, T, PointerT, ReferenceT>&, const OtherT&) [with OtherT = mlir::TypeRange; DerivedT = mlir::TypeRange; BaseT = llvm::PointerUnion<const mlir::Value*, const mlir::Type*, mlir::OpOperand*, mlir::detail::OpResultImpl*>; T = mlir::Type; PointerT = mlir::Type; ReferenceT = mlir::Type]’ (reversed)
[193/785] wllvm: memory/Boehm_GCSetup.cpp
[194/785] Building CXX object src/executable/mlir/Conversion/CMakeFiles/obj.PythonConversionPasses.dir/Passes.cpp.o
In file included from /usr/lib/llvm-20/include/mlir/IR/OperationSupport.h:23,
                 from /usr/lib/llvm-20/include/mlir/IR/Unit.h:12,
                 from /usr/lib/llvm-20/include/mlir/IR/Action.h:18,
                 from /usr/lib/llvm-20/include/mlir/Pass/Pass.h:12,
                 from /home/runner/work/python-cpp/python-cpp/src/executable/mlir/Conversion/Passes.cpp:4:
/usr/lib/llvm-20/include/mlir/IR/TypeRange.h: In static member function ‘static bool llvm::DenseMapInfo<mlir::TypeRange>::isEqual(mlir::TypeRange, mlir::TypeRange)’:
/usr/lib/llvm-20/include/mlir/IR/TypeRange.h:208:19: warning: C++20 says that these are ambiguous, even though the second is reversed:
  208 |     return lhs == rhs;
      |                   ^~~
In file included from /usr/lib/llvm-20/include/mlir/Support/TypeID.h:20,
                 from /usr/lib/llvm-20/include/mlir/IR/MLIRContext.h:13,
                 from /usr/lib/llvm-20/include/mlir/IR/AttributeSupport.h:16,
                 from /usr/lib/llvm-20/include/mlir/IR/Attributes.h:12,
                 from /usr/lib/llvm-20/include/mlir/IR/OperationSupport.h:17:
/usr/lib/llvm-20/include/llvm/ADT/STLExtras.h:1367:6: note: candidate 1: ‘bool llvm::detail::operator==(const indexed_accessor_range_base<DerivedT, BaseT, T, PointerT, ReferenceT>&, const OtherT&) [with OtherT = mlir::TypeRange; DerivedT = mlir::TypeRange; BaseT = llvm::PointerUnion<const mlir::Value*, const mlir::Type*, mlir::OpOperand*, mlir::detail::OpResultImpl*>; T = mlir::Type; PointerT = mlir::Type; ReferenceT = mlir::Type]’
 1367 | bool operator==(const indexed_accessor_range_base<DerivedT, BaseT, T, PointerT,
      |      ^~~~~~~~
/usr/lib/llvm-20/include/llvm/ADT/STLExtras.h:1367:6: note: candidate 2: ‘bool llvm::detail::operator==(const indexed_accessor_range_base<DerivedT, BaseT, T, PointerT, ReferenceT>&, const OtherT&) [with OtherT = mlir::TypeRange; DerivedT = mlir::TypeRange; BaseT = llvm::PointerUnion<const mlir::Value*, const mlir::Type*, mlir::OpOperand*, mlir::detail::OpResultImpl*>; T = mlir::Type; PointerT = mlir::Type; ReferenceT = mlir::Type]’ (reversed)
[195/785] wllvm: memory/Arena.cpp
FAILED: [code=1] bitcode_obj/memory_Arena.o /home/runner/work/python-cpp/python-cpp/build/release/bitcode_obj/memory_Arena.o 
cd /home/runner/work/python-cpp/python-cpp/build/release/src/runtime/export && /usr/local/bin/cmake -E env LLVM_COMPILER=clang LLVM_COMPILER_PATH=/usr/bin /opt/hostedtoolcache/Python/3.13.11/x64/bin/wllvm++ -std=c++23 -O3 -g -c -fno-discard-value-names -DSPDLOG_COMPILED_LIB -DPYLANG_AOT_MODE -DPYLANG_USE_ARENA -DPYLANG_USE_Boehm_GC -DGC_THREADS -I /home/runner/work/python-cpp/python-cpp/src/runtime/export/../.. -I /home/runner/work/python-cpp/python-cpp/build/release/src --gcc-toolchain=/usr -isystem /usr/lib/gcc/x86_64-linux-gnu/13/include -I /home/runner/work/python-cpp/python-cpp/src/PUBLIC -I /home/runner/work/python-cpp/python-cpp/.cache/CPM/yalantinglibs/f7f2/include -I /home/runner/work/python-cpp/python-cpp/.cache/CPM/yalantinglibs/f7f2/include/ylt/thirdparty -I /home/runner/work/python-cpp/python-cpp/src/PUBLIC -I /home/runner/work/python-cpp/python-cpp/.cache/CPM/bdwgc/2bfb/include -I /home/runner/work/python-cpp/python-cpp/.cache/CPM/cpptrace/2b0e/include -I /home/runner/work/python-cpp/python-cpp/.cache/CPM/bdwgc/2bfb/include -I /home/runner/work/python-cpp/python-cpp/.cache/CPM/bdwgc/2bfb/include -I /home/runner/work/python-cpp/python-cpp/src/. -I /home/runner/work/python-cpp/python-cpp/.cache/CPM/yalantinglibs/f7f2/include -I /home/runner/work/python-cpp/python-cpp/.cache/CPM/yalantinglibs/f7f2/include/ylt/thirdparty -I /usr/include/x86_64-linux-gnu -I /home/runner/work/python-cpp/python-cpp/build/release/src -isystem /home/runner/work/python-cpp/python-cpp/.cache/CPM/spdlog/be97/include -isystem /home/runner/work/python-cpp/python-cpp/.cache/CPM/ordered-map/397e/include -isystem /home/runner/work/python-cpp/python-cpp/.cache/CPM/bdwgc/2bfb/include -isystem /home/runner/work/python-cpp/python-cpp/.cache/CPM/cpptrace/2b0e/include -isystem /home/runner/work/python-cpp/python-cpp/.cache/CPM/yalantinglibs/f7f2/include -isystem /home/runner/work/python-cpp/python-cpp/.cache/CPM/yalantinglibs/f7f2/include/ylt/thirdparty -I /usr/include/x86_64-linux-gnu -Wno-everything -o /home/runner/work/python-cpp/python-cpp/build/release/bitcode_obj/memory_Arena.o /home/runner/work/python-cpp/python-cpp/src/runtime/export/../../memory/Arena.cpp
In file included from /home/runner/work/python-cpp/python-cpp/src/runtime/export/../../memory/Arena.cpp:1:
In file included from /home/runner/work/python-cpp/python-cpp/src/runtime/export/../../memory/Arena.hpp:17:
/home/runner/work/python-cpp/python-cpp/src/runtime/export/../../memory/GCTracingAllocator.hpp:162:38: error: 'T' does not refer to a value
  162 |         struct is_atomic_impl<std::expected<T, E>>
      |                                             ^
/home/runner/work/python-cpp/python-cpp/src/runtime/export/../../memory/GCTracingAllocator.hpp:161:20: note: declared here
  161 |         template<typename T, typename E>
      |                           ^
/home/runner/work/python-cpp/python-cpp/src/runtime/export/../../memory/GCTracingAllocator.hpp:162:24: error: no member named 'expected' in namespace 'std'; did you mean 'execve'?
  162 |         struct is_atomic_impl<std::expected<T, E>>
      |                               ^~~~~
/usr/include/unistd.h:572:12: note: 'execve' declared here
  572 | extern int execve (const char *__path, char *const __argv[],
      |            ^
In file included from /home/runner/work/python-cpp/python-cpp/src/runtime/export/../../memory/Arena.cpp:1:
In file included from /home/runner/work/python-cpp/python-cpp/src/runtime/export/../../memory/Arena.hpp:17:
/home/runner/work/python-cpp/python-cpp/src/runtime/export/../../memory/GCTracingAllocator.hpp:162:43: error: expected unqualified-id
  162 |         struct is_atomic_impl<std::expected<T, E>>
      |                                                  ^
/home/runner/work/python-cpp/python-cpp/src/runtime/export/../../memory/GCTracingAllocator.hpp:226:44: error: 'T' does not refer to a value
  226 |         struct is_trivial_dtor_impl<std::expected<T, E>>
      |                                                   ^
/home/runner/work/python-cpp/python-cpp/src/runtime/export/../../memory/GCTracingAllocator.hpp:225:20: note: declared here
  225 |         template<typename T, typename E>
      |                           ^
/home/runner/work/python-cpp/python-cpp/src/runtime/export/../../memory/GCTracingAllocator.hpp:226:30: error: no member named 'expected' in namespace 'std'; did you mean 'execve'?
  226 |         struct is_trivial_dtor_impl<std::expected<T, E>>
      |                                     ^~~~~
/usr/include/unistd.h:572:12: note: 'execve' declared here
  572 | extern int execve (const char *__path, char *const __argv[],
      |            ^
In file included from /home/runner/work/python-cpp/python-cpp/src/runtime/export/../../memory/Arena.cpp:1:
In file included from /home/runner/work/python-cpp/python-cpp/src/runtime/export/../../memory/Arena.hpp:17:
/home/runner/work/python-cpp/python-cpp/src/runtime/export/../../memory/GCTracingAllocator.hpp:226:49: error: expected unqualified-id
  226 |         struct is_trivial_dtor_impl<std::expected<T, E>>
      |                                                        ^
6 errors generated.
ERROR:Failed to compile using given arguments: [-std=c++23 -O3 -g -c -fno-discard-value-names -DSPDLOG_COMPILED_LIB -DPYLANG_AOT_MODE -DPYLANG_USE_ARENA -DPYLANG_USE_Boehm_GC -DGC_THREADS -I /home/runner/work/python-cpp/python-cpp/src/runtime/export/../.. -I /home/runner/work/python-cpp/python-cpp/build/release/src --gcc-toolchain=/usr -isystem /usr/lib/gcc/x86_64-linux-gnu/13/include -I /home/runner/work/python-cpp/python-cpp/src/PUBLIC -I /home/runner/work/python-cpp/python-cpp/.cache/CPM/yalantinglibs/f7f2/include -I /home/runner/work/python-cpp/python-cpp/.cache/CPM/yalantinglibs/f7f2/include/ylt/thirdparty -I /home/runner/work/python-cpp/python-cpp/src/PUBLIC -I /home/runner/work/python-cpp/python-cpp/.cache/CPM/bdwgc/2bfb/include -I /home/runner/work/python-cpp/python-cpp/.cache/CPM/cpptrace/2b0e/include -I /home/runner/work/python-cpp/python-cpp/.cache/CPM/bdwgc/2bfb/include -I /home/runner/work/python-cpp/python-cpp/.cache/CPM/bdwgc/2bfb/include -I /home/runner/work/python-cpp/python-cpp/src/. -I /home/runner/work/python-cpp/python-cpp/.cache/CPM/yalantinglibs/f7f2/include -I /home/runner/work/python-cpp/python-cpp/.cache/CPM/yalantinglibs/f7f2/include/ylt/thirdparty -I /usr/include/x86_64-linux-gnu -I /home/runner/work/python-cpp/python-cpp/build/release/src -isystem /home/runner/work/python-cpp/python-cpp/.cache/CPM/spdlog/be97/include -isystem /home/runner/work/python-cpp/python-cpp/.cache/CPM/ordered-map/397e/include -isystem /home/runner/work/python-cpp/python-cpp/.cache/CPM/bdwgc/2bfb/include -isystem /home/runner/work/python-cpp/python-cpp/.cache/CPM/cpptrace/2b0e/include -isystem /home/runner/work/python-cpp/python-cpp/.cache/CPM/yalantinglibs/f7f2/include -isystem /home/runner/work/python-cpp/python-cpp/.cache/CPM/yalantinglibs/f7f2/include/ylt/thirdparty -I /usr/include/x86_64-linux-gnu -Wno-everything -o /home/runner/work/python-cpp/python-cpp/build/release/bitcode_obj/memory_Arena.o /home/runner/work/python-cpp/python-cpp/src/runtime/export/../../memory/Arena.cpp]
[196/785] wllvm: memory/ArenaManager.cpp
FAILED: [code=1] bitcode_obj/memory_ArenaManager.o /home/runner/work/python-cpp/python-cpp/build/release/bitcode_obj/memory_ArenaManager.o 
cd /home/runner/work/python-cpp/python-cpp/build/release/src/runtime/export && /usr/local/bin/cmake -E env LLVM_COMPILER=clang LLVM_COMPILER_PATH=/usr/bin /opt/hostedtoolcache/Python/3.13.11/x64/bin/wllvm++ -std=c++23 -O3 -g -c -fno-discard-value-names -DSPDLOG_COMPILED_LIB -DPYLANG_AOT_MODE -DPYLANG_USE_ARENA -DPYLANG_USE_Boehm_GC -DGC_THREADS -I /home/runner/work/python-cpp/python-cpp/src/runtime/export/../.. -I /home/runner/work/python-cpp/python-cpp/build/release/src --gcc-toolchain=/usr -isystem /usr/lib/gcc/x86_64-linux-gnu/13/include -I /home/runner/work/python-cpp/python-cpp/src/PUBLIC -I /home/runner/work/python-cpp/python-cpp/.cache/CPM/yalantinglibs/f7f2/include -I /home/runner/work/python-cpp/python-cpp/.cache/CPM/yalantinglibs/f7f2/include/ylt/thirdparty -I /home/runner/work/python-cpp/python-cpp/src/PUBLIC -I /home/runner/work/python-cpp/python-cpp/.cache/CPM/bdwgc/2bfb/include -I /home/runner/work/python-cpp/python-cpp/.cache/CPM/cpptrace/2b0e/include -I /home/runner/work/python-cpp/python-cpp/.cache/CPM/bdwgc/2bfb/include -I /home/runner/work/python-cpp/python-cpp/.cache/CPM/bdwgc/2bfb/include -I /home/runner/work/python-cpp/python-cpp/src/. -I /home/runner/work/python-cpp/python-cpp/.cache/CPM/yalantinglibs/f7f2/include -I /home/runner/work/python-cpp/python-cpp/.cache/CPM/yalantinglibs/f7f2/include/ylt/thirdparty -I /usr/include/x86_64-linux-gnu -I /home/runner/work/python-cpp/python-cpp/build/release/src -isystem /home/runner/work/python-cpp/python-cpp/.cache/CPM/spdlog/be97/include -isystem /home/runner/work/python-cpp/python-cpp/.cache/CPM/ordered-map/397e/include -isystem /home/runner/work/python-cpp/python-cpp/.cache/CPM/bdwgc/2bfb/include -isystem /home/runner/work/python-cpp/python-cpp/.cache/CPM/cpptrace/2b0e/include -isystem /home/runner/work/python-cpp/python-cpp/.cache/CPM/yalantinglibs/f7f2/include -isystem /home/runner/work/python-cpp/python-cpp/.cache/CPM/yalantinglibs/f7f2/include/ylt/thirdparty -I /usr/include/x86_64-linux-gnu -Wno-everything -o /home/runner/work/python-cpp/python-cpp/build/release/bitcode_obj/memory_ArenaManager.o /home/runner/work/python-cpp/python-cpp/src/runtime/export/../../memory/ArenaManager.cpp
In file included from /home/runner/work/python-cpp/python-cpp/src/runtime/export/../../memory/ArenaManager.cpp:1:
In file included from /home/runner/work/python-cpp/python-cpp/src/runtime/export/../../memory/ArenaManager.hpp:14:
In file included from /home/runner/work/python-cpp/python-cpp/src/runtime/export/../../memory/Arena.hpp:17:
/home/runner/work/python-cpp/python-cpp/src/runtime/export/../../memory/GCTracingAllocator.hpp:162:38: error: 'T' does not refer to a value
  162 |         struct is_atomic_impl<std::expected<T, E>>
      |                                             ^
/home/runner/work/python-cpp/python-cpp/src/runtime/export/../../memory/GCTracingAllocator.hpp:161:20: note: declared here
  161 |         template<typename T, typename E>
      |                           ^
/home/runner/work/python-cpp/python-cpp/src/runtime/export/../../memory/GCTracingAllocator.hpp:162:24: error: no member named 'expected' in namespace 'std'; did you mean 'execve'?
  162 |         struct is_atomic_impl<std::expected<T, E>>
      |                               ^~~~~
/usr/include/unistd.h:572:12: note: 'execve' declared here
  572 | extern int execve (const char *__path, char *const __argv[],
      |            ^
In file included from /home/runner/work/python-cpp/python-cpp/src/runtime/export/../../memory/ArenaManager.cpp:1:
In file included from /home/runner/work/python-cpp/python-cpp/src/runtime/export/../../memory/ArenaManager.hpp:14:
In file included from /home/runner/work/python-cpp/python-cpp/src/runtime/export/../../memory/Arena.hpp:17:
/home/runner/work/python-cpp/python-cpp/src/runtime/export/../../memory/GCTracingAllocator.hpp:162:43: error: expected unqualified-id
  162 |         struct is_atomic_impl<std::expected<T, E>>
      |                                                  ^
/home/runner/work/python-cpp/python-cpp/src/runtime/export/../../memory/GCTracingAllocator.hpp:226:44: error: 'T' does not refer to a value
  226 |         struct is_trivial_dtor_impl<std::expected<T, E>>
      |                                                   ^
/home/runner/work/python-cpp/python-cpp/src/runtime/export/../../memory/GCTracingAllocator.hpp:225:20: note: declared here
  225 |         template<typename T, typename E>
      |                           ^
/home/runner/work/python-cpp/python-cpp/src/runtime/export/../../memory/GCTracingAllocator.hpp:226:30: error: no member named 'expected' in namespace 'std'; did you mean 'execve'?
  226 |         struct is_trivial_dtor_impl<std::expected<T, E>>
      |                                     ^~~~~
/usr/include/unistd.h:572:12: note: 'execve' declared here
  572 | extern int execve (const char *__path, char *const __argv[],
      |            ^
In file included from /home/runner/work/python-cpp/python-cpp/src/runtime/export/../../memory/ArenaManager.cpp:1:
In file included from /home/runner/work/python-cpp/python-cpp/src/runtime/export/../../memory/ArenaManager.hpp:14:
In file included from /home/runner/work/python-cpp/python-cpp/src/runtime/export/../../memory/Arena.hpp:17:
/home/runner/work/python-cpp/python-cpp/src/runtime/export/../../memory/GCTracingAllocator.hpp:226:49: error: expected unqualified-id
  226 |         struct is_trivial_dtor_impl<std::expected<T, E>>
      |                                                        ^
6 errors generated.
ERROR:Failed to compile using given arguments: [-std=c++23 -O3 -g -c -fno-discard-value-names -DSPDLOG_COMPILED_LIB -DPYLANG_AOT_MODE -DPYLANG_USE_ARENA -DPYLANG_USE_Boehm_GC -DGC_THREADS -I /home/runner/work/python-cpp/python-cpp/src/runtime/export/../.. -I /home/runner/work/python-cpp/python-cpp/build/release/src --gcc-toolchain=/usr -isystem /usr/lib/gcc/x86_64-linux-gnu/13/include -I /home/runner/work/python-cpp/python-cpp/src/PUBLIC -I /home/runner/work/python-cpp/python-cpp/.cache/CPM/yalantinglibs/f7f2/include -I /home/runner/work/python-cpp/python-cpp/.cache/CPM/yalantinglibs/f7f2/include/ylt/thirdparty -I /home/runner/work/python-cpp/python-cpp/src/PUBLIC -I /home/runner/work/python-cpp/python-cpp/.cache/CPM/bdwgc/2bfb/include -I /home/runner/work/python-cpp/python-cpp/.cache/CPM/cpptrace/2b0e/include -I /home/runner/work/python-cpp/python-cpp/.cache/CPM/bdwgc/2bfb/include -I /home/runner/work/python-cpp/python-cpp/.cache/CPM/bdwgc/2bfb/include -I /home/runner/work/python-cpp/python-cpp/src/. -I /home/runner/work/python-cpp/python-cpp/.cache/CPM/yalantinglibs/f7f2/include -I /home/runner/work/python-cpp/python-cpp/.cache/CPM/yalantinglibs/f7f2/include/ylt/thirdparty -I /usr/include/x86_64-linux-gnu -I /home/runner/work/python-cpp/python-cpp/build/release/src -isystem /home/runner/work/python-cpp/python-cpp/.cache/CPM/spdlog/be97/include -isystem /home/runner/work/python-cpp/python-cpp/.cache/CPM/ordered-map/397e/include -isystem /home/runner/work/python-cpp/python-cpp/.cache/CPM/bdwgc/2bfb/include -isystem /home/runner/work/python-cpp/python-cpp/.cache/CPM/cpptrace/2b0e/include -isystem /home/runner/work/python-cpp/python-cpp/.cache/CPM/yalantinglibs/f7f2/include -isystem /home/runner/work/python-cpp/python-cpp/.cache/CPM/yalantinglibs/f7f2/include/ylt/thirdparty -I /usr/include/x86_64-linux-gnu -Wno-everything -o /home/runner/work/python-cpp/python-cpp/build/release/bitcode_obj/memory_ArenaManager.o /home/runner/work/python-cpp/python-cpp/src/runtime/export/../../memory/ArenaManager.cpp]
[197/785] wllvm: memory/GarbageCollector.cpp
[198/785] wllvm: memory/Heap.cpp
[199/785] Building CXX object src/executable/mlir/Dialect/Python/CMakeFiles/obj.PythonMLIRDialect.dir/MLIRGenerator.cpp.o
In file included from /usr/lib/llvm-20/include/mlir/IR/OperationSupport.h:23,
                 from /usr/lib/llvm-20/include/mlir/IR/Dialect.h:17,
                 from /home/runner/work/python-cpp/python-cpp/src/executable/mlir/Dialect/Python/IR/Dialect.hpp:3,
                 from /home/runner/work/python-cpp/python-cpp/src/executable/mlir/Dialect/Python/MLIRGenerator.cpp:2:
/usr/lib/llvm-20/include/mlir/IR/TypeRange.h: In static member function ‘static bool llvm::DenseMapInfo<mlir::TypeRange>::isEqual(mlir::TypeRange, mlir::TypeRange)’:
/usr/lib/llvm-20/include/mlir/IR/TypeRange.h:208:19: warning: C++20 says that these are ambiguous, even though the second is reversed:
  208 |     return lhs == rhs;
      |                   ^~~
In file included from /usr/lib/llvm-20/include/mlir/Support/TypeID.h:20,
                 from /usr/lib/llvm-20/include/mlir/IR/MLIRContext.h:13,
                 from /usr/lib/llvm-20/include/mlir/IR/DialectRegistry.h:16,
                 from /usr/lib/llvm-20/include/mlir/IR/Dialect.h:16:
/usr/lib/llvm-20/include/llvm/ADT/STLExtras.h:1367:6: note: candidate 1: ‘bool llvm::detail::operator==(const indexed_accessor_range_base<DerivedT, BaseT, T, PointerT, ReferenceT>&, const OtherT&) [with OtherT = mlir::TypeRange; DerivedT = mlir::TypeRange; BaseT = llvm::PointerUnion<const mlir::Value*, const mlir::Type*, mlir::OpOperand*, mlir::detail::OpResultImpl*>; T = mlir::Type; PointerT = mlir::Type; ReferenceT = mlir::Type]’
 1367 | bool operator==(const indexed_accessor_range_base<DerivedT, BaseT, T, PointerT,
      |      ^~~~~~~~
/usr/lib/llvm-20/include/llvm/ADT/STLExtras.h:1367:6: note: candidate 2: ‘bool llvm::detail::operator==(const indexed_accessor_range_base<DerivedT, BaseT, T, PointerT, ReferenceT>&, const OtherT&) [with OtherT = mlir::TypeRange; DerivedT = mlir::TypeRange; BaseT = llvm::PointerUnion<const mlir::Value*, const mlir::Type*, mlir::OpOperand*, mlir::detail::OpResultImpl*>; T = mlir::Type; PointerT = mlir::Type; ReferenceT = mlir::Type]’ (reversed)
[200/785] Building CXX object src/executable/mlir/Conversion/PythonToPythonBytecode/CMakeFiles/obj.PythonToPythonBytecode.dir/PythonToPythonBytecode.cpp.o
In file included from /usr/lib/llvm-20/include/mlir/IR/OperationSupport.h:23,
                 from /usr/lib/llvm-20/include/mlir/IR/Dialect.h:17,
                 from /usr/lib/llvm-20/include/mlir/Bytecode/BytecodeImplementation.h:19,
                 from /usr/lib/llvm-20/include/mlir/Bytecode/BytecodeOpInterface.h:17,
                 from /home/runner/work/python-cpp/python-cpp/src/executable/mlir/Dialect/EmitPythonBytecode/IR/EmitPythonBytecode.hpp:4,
                 from /home/runner/work/python-cpp/python-cpp/src/executable/mlir/Conversion/PythonToPythonBytecode/PythonToPythonBytecode.cpp:2:
/usr/lib/llvm-20/include/mlir/IR/TypeRange.h: In static member function ‘static bool llvm::DenseMapInfo<mlir::TypeRange>::isEqual(mlir::TypeRange, mlir::TypeRange)’:
/usr/lib/llvm-20/include/mlir/IR/TypeRange.h:208:19: warning: C++20 says that these are ambiguous, even though the second is reversed:
  208 |     return lhs == rhs;
      |                   ^~~
In file included from /usr/lib/llvm-20/include/mlir/IR/Visitors.h:17,
                 from /usr/lib/llvm-20/include/mlir/IR/AffineExpr.h:17,
                 from /usr/lib/llvm-20/include/mlir/IR/AffineMap.h:17,
                 from /usr/lib/llvm-20/include/mlir/IR/BuiltinAttributeInterfaces.h:12,
                 from /usr/lib/llvm-20/include/mlir/IR/BuiltinTypes.h:12,
                 from /home/runner/work/python-cpp/python-cpp/src/executable/mlir/Dialect/Python/IR/PythonTypes.hpp:3,
                 from /home/runner/work/python-cpp/python-cpp/src/executable/mlir/Dialect/EmitPythonBytecode/IR/EmitPythonBytecode.hpp:3:
/usr/lib/llvm-20/include/llvm/ADT/STLExtras.h:1367:6: note: candidate 1: ‘bool llvm::detail::operator==(const indexed_accessor_range_base<DerivedT, BaseT, T, PointerT, ReferenceT>&, const OtherT&) [with OtherT = mlir::TypeRange; DerivedT = mlir::TypeRange; BaseT = llvm::PointerUnion<const mlir::Value*, const mlir::Type*, mlir::OpOperand*, mlir::detail::OpResultImpl*>; T = mlir::Type; PointerT = mlir::Type; ReferenceT = mlir::Type]’
 1367 | bool operator==(const indexed_accessor_range_base<DerivedT, BaseT, T, PointerT,
      |      ^~~~~~~~
/usr/lib/llvm-20/include/llvm/ADT/STLExtras.h:1367:6: note: candidate 2: ‘bool llvm::detail::operator==(const indexed_accessor_range_base<DerivedT, BaseT, T, PointerT, ReferenceT>&, const OtherT&) [with OtherT = mlir::TypeRange; DerivedT = mlir::TypeRange; BaseT = llvm::PointerUnion<const mlir::Value*, const mlir::Type*, mlir::OpOperand*, mlir::detail::OpResultImpl*>; T = mlir::Type; PointerT = mlir::Type; ReferenceT = mlir::Type]’ (reversed)
ninja: build stopped: subcommand failed.
Error: Process completed with exit code 1.